JT@DESKTOP-GUNC2ID MINGW64 ~/OneDrive - UNIR/Certificaciones/IronHack/IH-Labs
$ ls
lab-bash/

JT@DESKTOP-GUNC2ID MINGW64 ~/OneDrive - UNIR/Certificaciones/IronHack/IH-Labs
$ cd lab-bash/

JT@DESKTOP-GUNC2ID MINGW64 ~/OneDrive - UNIR/Certificaciones/IronHack/IH-Labs/lab-bash (master)
$ cp lorem/sed.txt lorem-copy/

JT@DESKTOP-GUNC2ID MINGW64 ~/OneDrive - UNIR/Certificaciones/IronHack/IH-Labs/lab-bash (master)
$ ^C

JT@DESKTOP-GUNC2ID MINGW64 ~/OneDrive - UNIR/Certificaciones/IronHack/IH-Labs/lab-bash (master)
$ cp lorem/sed.txt;lorem;at lorem-copy/
cp: missing destination file operand after 'lorem/sed.txt'
Try 'cp --help' for more information.
bash: lorem: command not found
El comando AT est▒ desusado. Use en su lugar schtasks.exe.

El comando no es v▒lido.

El comando AT programa la ejecuci▒n de comandos y programas en un equipo a
una hora y fecha especificadas. El servicio de programaci▒n debe estar en
ejecuci▒n para utilizar el comando AT.

AT [\\equipo] [ [id] [/DELETE] | /DELETE [/YES]]
AT [\\equipo] hora [/INTERACTIVE]
    [ /EVERY:fecha[,...] | /NEXT:fecha[,...]] "comando"

\\equipo           Especifica un equipo remoto. Si se omite este
                   par▒metro, los comandos se programan en el equipo
                   local.
id                 Es un n▒mero de identificaci▒n asignado al comando
                   programado.
/delete            Cancela un comando programado. Si se omite id, se
                   cancelar▒n todos los comandos programados en el equipo.
/yes               Se usa con el comando de cancelaci▒n de todos los
                   trabajos cuando no se desea ninguna confirmaci▒n.
/interactive       Permite a la tarea interactuar con el escritorio del
                   usuario cuya sesi▒n coincide con el momento de
                   ejecuci▒n de la tarea.
/every:fecha[,...] Ejecuta el comando cada d▒a de la semana o mes
                   especificado. Si se omite la fecha, se asume que es el
                   d▒a actual del mes.
/next:fecha[,...]  Ejecuta el comando especificado la pr▒xima vez que
                   aparezca ese d▒a (por ejemplo, el pr▒ximo jueves). Si
                   se omite la fecha, se asume que es el d▒a actual del
                   mes.
"comando"          Es el comando de Windows NT o programa por lotes que se
                   va a ejecutar.


JT@DESKTOP-GUNC2ID MINGW64 ~/OneDrive - UNIR/Certificaciones/IronHack/IH-Labs/lab-bash (master)
$ cp lorem/sed.txt lorem/at lorem/lorem lorem-copy/
cp: cannot stat 'lorem/at': No such file or directory
cp: cannot stat 'lorem/lorem': No such file or directory

JT@DESKTOP-GUNC2ID MINGW64 ~/OneDrive - UNIR/Certificaciones/IronHack/IH-Labs/lab-bash (master)
$ cd lorem

JT@DESKTOP-GUNC2ID MINGW64 ~/OneDrive - UNIR/Certificaciones/IronHack/IH-Labs/lab-bash/lorem (master)
$ ls
at.txt  at.txte  lorem.txt  sed.txt

JT@DESKTOP-GUNC2ID MINGW64 ~/OneDrive - UNIR/Certificaciones/IronHack/IH-Labs/lab-bash/lorem (master)
$ cd ..

JT@DESKTOP-GUNC2ID MINGW64 ~/OneDrive - UNIR/Certificaciones/IronHack/IH-Labs/lab-bash (master)
$ cp lorem/at.txt lorem-copy/DD ;

JT@DESKTOP-GUNC2ID MINGW64 ~/OneDrive - UNIR/Certificaciones/IronHack/IH-Labs/lab-bash (master)
$ cp lorem/at.txt lorem-copy/ ; cp lorem/lorem.txt lorem-copy/

JT@DESKTOP-GUNC2ID MINGW64 ~/OneDrive - UNIR/Certificaciones/IronHack/IH-Labs/lab-bash (master)
$ ^C

JT@DESKTOP-GUNC2ID MINGW64 ~/OneDrive - UNIR/Certificaciones/IronHack/IH-Labs/lab-bash (master)
$ ls
exercices/  inputs/  lorem/  lorem-copy/  outputs/  readme.md

JT@DESKTOP-GUNC2ID MINGW64 ~/OneDrive - UNIR/Certificaciones/IronHack/IH-Labs/lab-bash (master)
$ cd lorem

JT@DESKTOP-GUNC2ID MINGW64 ~/OneDrive - UNIR/Certificaciones/IronHack/IH-Labs/lab-bash/lorem (master)
$ sed
sed.exe         sedplugins.dll

JT@DESKTOP-GUNC2ID MINGW64 ~/OneDrive - UNIR/Certificaciones/IronHack/IH-Labs/lab-bash/lorem (master)
$ sed
sed.exe         sedplugins.dll

JT@DESKTOP-GUNC2ID MINGW64 ~/OneDrive - UNIR/Certificaciones/IronHack/IH-Labs/lab-bash/lorem (master)
$ sed
sed.exe         sedplugins.dll

JT@DESKTOP-GUNC2ID MINGW64 ~/OneDrive - UNIR/Certificaciones/IronHack/IH-Labs/lab-bash/lorem (master)
$ sed.exe
Usage: sed [OPTION]... {script-only-if-no-other-script} [input-file]...

  -n, --quiet, --silent
                 suppress automatic printing of pattern space
      --debug
                 annotate program execution
  -e script, --expression=script
                 add the script to the commands to be executed
  -f script-file, --file=script-file
                 add the contents of script-file to the commands to be executed
  --follow-symlinks
                 follow symlinks when processing in place
  -i[SUFFIX], --in-place[=SUFFIX]
                 edit files in place (makes backup if SUFFIX supplied)
  -b, --binary
                 open files in binary mode (CR+LFs are not processed specially)
  -l N, --line-length=N
                 specify the desired line-wrap length for the `l' command
  --posix
                 disable all GNU extensions.
  -E, -r, --regexp-extended
                 use extended regular expressions in the script
                 (for portability use POSIX -E).
  -s, --separate
                 consider files as separate rather than as a single,
                 continuous long stream.
      --sandbox
                 operate in sandbox mode (disable e/r/w commands).
  -u, --unbuffered
                 load minimal amounts of data from the input files and flush
                 the output buffers more often
  -z, --null-data
                 separate lines by NUL characters
      --help     display this help and exit
      --version  output version information and exit

If no -e, --expression, -f, or --file option is given, then the first
non-option argument is taken as the sed script to interpret.  All
remaining arguments are names of input files; if no input files are
specified, then the standard input is read.

GNU sed home page: <https://www.gnu.org/software/sed/>.
General help using GNU software: <https://www.gnu.org/gethelp/>.

JT@DESKTOP-GUNC2ID MINGW64 ~/OneDrive - UNIR/Certificaciones/IronHack/IH-Labs/lab-bash/lorem (master)
$ ls
at.txt  at.txte  lorem.txt  sed.txt

JT@DESKTOP-GUNC2ID MINGW64 ~/OneDrive - UNIR/Certificaciones/IronHack/IH-Labs/lab-bash/lorem (master)
$ cd sed.txt
bash: cd: sed.txt: Not a directory

JT@DESKTOP-GUNC2ID MINGW64 ~/OneDrive - UNIR/Certificaciones/IronHack/IH-Labs/lab-bash/lorem (master)
$ echo sed.txt
sed.txt

JT@DESKTOP-GUNC2ID MINGW64 ~/OneDrive - UNIR/Certificaciones/IronHack/IH-Labs/lab-bash/lorem (master)
$ cat sed.txt
Sed ut perspiciatis unde omnis iste natus error sit voluptatem accusantium doloremque laudantium,
totam rem aperiam, eaque ipsa quae ab illo inventore veritatis et quasi architecto beatae vitae dicta sunt explicabo.
Nemo enim ipsam voluptatem quia voluptas sit aspernatur aut odit aut fugit,
sed quia consequuntur magni dolores eos qui ratione voluptatem sequi nesciunt.
Neque porro quisquam est, qui dolorem ipsum quia dolor sit amet, consectetur, adipisci velit,
sed quia non numquam eius modi tempora incidunt ut labore et dolore magnam aliquam quaerat voluptatem.
Ut enim ad minima veniam, quis nostrum exercitationem ullam corporis suscipit laboriosam,
nisi ut aliquid ex ea commodi consequatur? Quis autem vel eum iure reprehenderit qui in ea voluptate velit esse quam nihil molestiae consequatur,
vel illum qui dolorem eum fugiat quo voluptas nulla pariatur?Homo homini lupus

JT@DESKTOP-GUNC2ID MINGW64 ~/OneDrive - UNIR/Certificaciones/IronHack/IH-Labs/lab-bash/lorem (master)
$ cat at.txt ; cat lorem.txt
At vero eos ET accusamus ET iusto odio dignissimos ducimus qui blanditiis praesentium voluptatum
deleniti atque corrupti quos dolores ET quas molestias excepturi sint occaecati cupiditate non
provident, similique sunt in culpa qui officia deserunt mollitia animi, id est laborum ET dolorum fuga.
Et harum quidem rerum facilis est ET expedita distinctio.
Nam libero tempore, cum soluta nobis est eligendi optio cumque nihil impedit quo minus id quod
maxime placeat facere possimus, omnis voluptas assumenda est, omnis dolor repellendus.
Temporibus autem quibusdam ET aut officiis debitis aut rerum necessitatibus saepe eveniET
ut ET voluptates repudiandae sint ET molestiae non recusandae.
Itaque earum rerum hic tenETur a sapiente delectus, ut aut reiciendis voluptatibus maiores
alias consequatur aut perferendis doloribus asperiores repellat
Lorem ipsum dolor sit amet, consectetur adipiscing elit, sed do eiusmod tempor incididunt ut labore et dolore magna aliqua.
Ut enim ad minim veniam, quis nostrud exercitation ullamco laboris nisi ut aliquip ex ea commodo consequat.
Duis aute irure dolor in reprehenderit in voluptate velit esse cillum dolore eu fugiat nulla pariatur.
Excepteur sint occaecat cupidatat non proident, sunt in culpa qui officia deserunt mollit anim id est laborum.
JT@DESKTOP-GUNC2ID MINGW64 ~/OneDrive - UNIR/Certificaciones/IronHack/IH-Labs/lab-bash/lorem (master)
$ cat at.txt
At vero eos ET accusamus ET iusto odio dignissimos ducimus qui blanditiis praesentium voluptatum
deleniti atque corrupti quos dolores ET quas molestias excepturi sint occaecati cupiditate non
provident, similique sunt in culpa qui officia deserunt mollitia animi, id est laborum ET dolorum fuga.
Et harum quidem rerum facilis est ET expedita distinctio.
Nam libero tempore, cum soluta nobis est eligendi optio cumque nihil impedit quo minus id quod
maxime placeat facere possimus, omnis voluptas assumenda est, omnis dolor repellendus.
Temporibus autem quibusdam ET aut officiis debitis aut rerum necessitatibus saepe eveniET
ut ET voluptates repudiandae sint ET molestiae non recusandae.
Itaque earum rerum hic tenETur a sapiente delectus, ut aut reiciendis voluptatibus maiores
alias consequatur aut perferendis doloribus asperiores repellat

JT@DESKTOP-GUNC2ID MINGW64 ~/OneDrive - UNIR/Certificaciones/IronHack/IH-Labs/lab-bash/lorem (master)
$ cat lorem.txt
Lorem ipsum dolor sit amet, consectetur adipiscing elit, sed do eiusmod tempor incididunt ut labore et dolore magna aliqua.
Ut enim ad minim veniam, quis nostrud exercitation ullamco laboris nisi ut aliquip ex ea commodo consequat.
Duis aute irure dolor in reprehenderit in voluptate velit esse cillum dolore eu fugiat nulla pariatur.
Excepteur sint occaecat cupidatat non proident, sunt in culpa qui officia deserunt mollit anim id est laborum.
JT@DESKTOP-GUNC2ID MINGW64 ~/OneDrive - UNIR/Certificaciones/IronHack/IH-Labs/lab-bash/lorem (master)
$ ls
at.txt  at.txte  lorem.txt  sed.txt

JT@DESKTOP-GUNC2ID MINGW64 ~/OneDrive - UNIR/Certificaciones/IronHack/IH-Labs/lab-bash/lorem (master)
$ cd ..

JT@DESKTOP-GUNC2ID MINGW64 ~/OneDrive - UNIR/Certificaciones/IronHack/IH-Labs/lab-bash (master)
$ cat -b lorem-copy/lorem.txt
     1  Lorem ipsum dolor sit amet, consectetur adipiscing elit, sed do eiusmod tempor incididunt ut labore et dolore magna aliqua.
     2  Ut enim ad minim veniam, quis nostrud exercitation ullamco laboris nisi ut aliquip ex ea commodo consequat.
     3  Duis aute irure dolor in reprehenderit in voluptate velit esse cillum dolore eu fugiat nulla pariatur.
     4  Excepteur sint occaecat cupidatat non proident, sunt in culpa qui officia deserunt mollit anim id est laborum.
JT@DESKTOP-GUNC2ID MINGW64 ~/OneDrive - UNIR/Certificaciones/IronHack/IH-Labs/lab-bash (master)
$ cat -3 lorem-copy/lorem.txt
cat: unknown option -- 3
Try 'cat --help' for more information.

JT@DESKTOP-GUNC2ID MINGW64 ~/OneDrive - UNIR/Certificaciones/IronHack/IH-Labs/lab-bash (master)
$ cat -n lorem-copy/lorem.txt
     1  Lorem ipsum dolor sit amet, consectetur adipiscing elit, sed do eiusmod tempor incididunt ut labore et dolore magna aliqua.
     2  Ut enim ad minim veniam, quis nostrud exercitation ullamco laboris nisi ut aliquip ex ea commodo consequat.
     3  Duis aute irure dolor in reprehenderit in voluptate velit esse cillum dolore eu fugiat nulla pariatur.
     4  Excepteur sint occaecat cupidatat non proident, sunt in culpa qui officia deserunt mollit anim id est laborum.
JT@DESKTOP-GUNC2ID MINGW64 ~/OneDrive - UNIR/Certificaciones/IronHack/IH-Labs/lab-bash (master)
$ cat -n -e 1p ep 3 lorem-copy/lorem.txt
cat: 1p: No such file or directory
cat: ep: No such file or directory
cat: 3: No such file or directory
     1  Lorem ipsum dolor sit amet, consectetur adipiscing elit, sed do eiusmod tempor incididunt ut labore et dolore magna aliqua. ^M$
     2  Ut enim ad minim veniam, quis nostrud exercitation ullamco laboris nisi ut aliquip ex ea commodo consequat. ^M$
     3  Duis aute irure dolor in reprehenderit in voluptate velit esse cillum dolore eu fugiat nulla pariatur. ^M$
     4  Excepteur sint occaecat cupidatat non proident, sunt in culpa qui officia deserunt mollit anim id est laborum.
JT@DESKTOP-GUNC2ID MINGW64 ~/OneDrive - UNIR/Certificaciones/IronHack/IH-Labs/lab-bash (master)
$ sed -n '1p;3p' lorem-copy/lorem.txt
Lorem ipsum dolor sit amet, consectetur adipiscing elit, sed do eiusmod tempor incididunt ut labore et dolore magna aliqua.
Duis aute irure dolor in reprehenderit in voluptate velit esse cillum dolore eu fugiat nulla pariatur.

JT@DESKTOP-GUNC2ID MINGW64 ~/OneDrive - UNIR/Certificaciones/IronHack/IH-Labs/lab-bash (master)
$ sed -n '1p;2p:3p' lorem-copy/lorem.txt
sed: -e expression #1, char 6: extra characters after command

JT@DESKTOP-GUNC2ID MINGW64 ~/OneDrive - UNIR/Certificaciones/IronHack/IH-Labs/lab-bash (master)
$ sed -n '1p;2p;3p' lorem-copy/lorem.txt
Lorem ipsum dolor sit amet, consectetur adipiscing elit, sed do eiusmod tempor incididunt ut labore et dolore magna aliqua.
Ut enim ad minim veniam, quis nostrud exercitation ullamco laboris nisi ut aliquip ex ea commodo consequat.
Duis aute irure dolor in reprehenderit in voluptate velit esse cillum dolore eu fugiat nulla pariatur.

JT@DESKTOP-GUNC2ID MINGW64 ~/OneDrive - UNIR/Certificaciones/IronHack/IH-Labs/lab-bash (master)
$ head -3 lorem-copy/lorem.txt
Lorem ipsum dolor sit amet, consectetur adipiscing elit, sed do eiusmod tempor incididunt ut labore et dolore magna aliqua.
Ut enim ad minim veniam, quis nostrud exercitation ullamco laboris nisi ut aliquip ex ea commodo consequat.
Duis aute irure dolor in reprehenderit in voluptate velit esse cillum dolore eu fugiat nulla pariatur.

JT@DESKTOP-GUNC2ID MINGW64 ~/OneDrive - UNIR/Certificaciones/IronHack/IH-Labs/lab-bash (master)
$ tail -3 lorem-copy/lorem.txt
Ut enim ad minim veniam, quis nostrud exercitation ullamco laboris nisi ut aliquip ex ea commodo consequat.
Duis aute irure dolor in reprehenderit in voluptate velit esse cillum dolore eu fugiat nulla pariatur.
Excepteur sint occaecat cupidatat non proident, sunt in culpa qui officia deserunt mollit anim id est laborum.
JT@DESKTOP-GUNC2ID MINGW64 ~/OneDrive - UNIR/Certificaciones/IronHack/IH-Labs/lab-bash (master)
$ Homo homini lupus >> lorem-copy/sed.txt
bash: Homo: command not found

JT@DESKTOP-GUNC2ID MINGW64 ~/OneDrive - UNIR/Certificaciones/IronHack/IH-Labs/lab-bash (master)
$ "Homo homini lupus" >> lorem-copy/sed.txt
bash: Homo homini lupus: command not found

JT@DESKTOP-GUNC2ID MINGW64 ~/OneDrive - UNIR/Certificaciones/IronHack/IH-Labs/lab-bash (master)
$ sed -n '1p;2p;3p' lorem-copy/sed.txt
Sed ut perspiciatis unde omnis iste natus error sit voluptatem accusantium doloremque laudantium,
totam rem aperiam, eaque ipsa quae ab illo inventore veritatis et quasi architecto beatae vitae dicta sunt explicabo.
Nemo enim ipsam voluptatem quia voluptas sit aspernatur aut odit aut fugit,

JT@DESKTOP-GUNC2ID MINGW64 ~/OneDrive - UNIR/Certificaciones/IronHack/IH-Labs/lab-bash (master)
$ head -3 lorem-copy/sed.txt
Sed ut perspiciatis unde omnis iste natus error sit voluptatem accusantium doloremque laudantium,
totam rem aperiam, eaque ipsa quae ab illo inventore veritatis et quasi architecto beatae vitae dicta sunt explicabo.
Nemo enim ipsam voluptatem quia voluptas sit aspernatur aut odit aut fugit,

JT@DESKTOP-GUNC2ID MINGW64 ~/OneDrive - UNIR/Certificaciones/IronHack/IH-Labs/lab-bash (master)
$ tail -3 lorem-copy/sed.txt
Ut enim ad minima veniam, quis nostrum exercitationem ullam corporis suscipit laboriosam,
nisi ut aliquid ex ea commodi consequatur? Quis autem vel eum iure reprehenderit qui in ea voluptate velit esse quam nihil molestiae consequatur,
vel illum qui dolorem eum fugiat quo voluptas nulla pariatur?Homo homini lupus

JT@DESKTOP-GUNC2ID MINGW64 ~/OneDrive - UNIR/Certificaciones/IronHack/IH-Labs/lab-bash (master)
$ "Homo homini lupus" >> lorem-copy/sed.txt
bash: Homo homini lupus: command not found

JT@DESKTOP-GUNC2ID MINGW64 ~/OneDrive - UNIR/Certificaciones/IronHack/IH-Labs/lab-bash (master)
$ cp "Homo homini lupus" >> lorem-copy/sed.txt
cp: missing destination file operand after 'Homo homini lupus'
Try 'cp --help' for more information.

JT@DESKTOP-GUNC2ID MINGW64 ~/OneDrive - UNIR/Certificaciones/IronHack/IH-Labs/lab-bash (master)
$ cp "Homo homini lupus" lorem-copy/sed.txt
cp: cannot stat 'Homo homini lupus': No such file or directory

JT@DESKTOP-GUNC2ID MINGW64 ~/OneDrive - UNIR/Certificaciones/IronHack/IH-Labs/lab-bash (master)
$ echo 'Homo homini lupus' lorem-copy/sed.txt
Homo homini lupus lorem-copy/sed.txt

JT@DESKTOP-GUNC2ID MINGW64 ~/OneDrive - UNIR/Certificaciones/IronHack/IH-Labs/lab-bash (master)
$  cat lorem-copy/sed.txt
Sed ut perspiciatis unde omnis iste natus error sit voluptatem accusantium doloremque laudantium,
totam rem aperiam, eaque ipsa quae ab illo inventore veritatis et quasi architecto beatae vitae dicta sunt explicabo.
Nemo enim ipsam voluptatem quia voluptas sit aspernatur aut odit aut fugit,
sed quia consequuntur magni dolores eos qui ratione voluptatem sequi nesciunt.
Neque porro quisquam est, qui dolorem ipsum quia dolor sit amet, consectetur, adipisci velit,
sed quia non numquam eius modi tempora incidunt ut labore et dolore magnam aliquam quaerat voluptatem.
Ut enim ad minima veniam, quis nostrum exercitationem ullam corporis suscipit laboriosam,
nisi ut aliquid ex ea commodi consequatur? Quis autem vel eum iure reprehenderit qui in ea voluptate velit esse quam nihil molestiae consequatur,
vel illum qui dolorem eum fugiat quo voluptas nulla pariatur?Homo homini lupus

JT@DESKTOP-GUNC2ID MINGW64 ~/OneDrive - UNIR/Certificaciones/IronHack/IH-Labs/lab-bash (master)
$ tail -3 lorem-copy/sed.txt
Ut enim ad minima veniam, quis nostrum exercitationem ullam corporis suscipit laboriosam,
nisi ut aliquid ex ea commodi consequatur? Quis autem vel eum iure reprehenderit qui in ea voluptate velit esse quam nihil molestiae consequatur,
vel illum qui dolorem eum fugiat quo voluptas nulla pariatur?Homo homini lupus

JT@DESKTOP-GUNC2ID MINGW64 ~/OneDrive - UNIR/Certificaciones/IronHack/IH-Labs/lab-bash (master)
$ sed et ET lorem/at.txt
sed: can't read ET: No such file or directory
/bin/sh: line 1: t: command not found
At vero eos ET accusamus ET iusto odio dignissimos ducimus qui blanditiis praesentium voluptatum
/bin/sh: line 1: t: command not found
deleniti atque corrupti quos dolores ET quas molestias excepturi sint occaecati cupiditate non
/bin/sh: line 1: t: command not found
provident, similique sunt in culpa qui officia deserunt mollitia animi, id est laborum ET dolorum fuga.
/bin/sh: line 1: t: command not found
Et harum quidem rerum facilis est ET expedita distinctio.
/bin/sh: line 1: t: command not found
Nam libero tempore, cum soluta nobis est eligendi optio cumque nihil impedit quo minus id quod
/bin/sh: line 1: t: command not found
maxime placeat facere possimus, omnis voluptas assumenda est, omnis dolor repellendus.
/bin/sh: line 1: t: command not found
Temporibus autem quibusdam ET aut officiis debitis aut rerum necessitatibus saepe eveniET
/bin/sh: line 1: t: command not found
ut ET voluptates repudiandae sint ET molestiae non recusandae.
/bin/sh: line 1: t: command not found
Itaque earum rerum hic tenETur a sapiente delectus, ut aut reiciendis voluptatibus maiores
/bin/sh: line 1: t: command not found
alias consequatur aut perferendis doloribus asperiores repellat

JT@DESKTOP-GUNC2ID MINGW64 ~/OneDrive - UNIR/Certificaciones/IronHack/IH-Labs/lab-bash (master)
$ cat lorem/sed.txt
Sed ut perspiciatis unde omnis iste natus error sit voluptatem accusantium doloremque laudantium,
totam rem aperiam, eaque ipsa quae ab illo inventore veritatis et quasi architecto beatae vitae dicta sunt explicabo.
Nemo enim ipsam voluptatem quia voluptas sit aspernatur aut odit aut fugit,
sed quia consequuntur magni dolores eos qui ratione voluptatem sequi nesciunt.
Neque porro quisquam est, qui dolorem ipsum quia dolor sit amet, consectetur, adipisci velit,
sed quia non numquam eius modi tempora incidunt ut labore et dolore magnam aliquam quaerat voluptatem.
Ut enim ad minima veniam, quis nostrum exercitationem ullam corporis suscipit laboriosam,
nisi ut aliquid ex ea commodi consequatur? Quis autem vel eum iure reprehenderit qui in ea voluptate velit esse quam nihil molestiae consequatur,
vel illum qui dolorem eum fugiat quo voluptas nulla pariatur?Homo homini lupus

JT@DESKTOP-GUNC2ID MINGW64 ~/OneDrive - UNIR/Certificaciones/IronHack/IH-Labs/lab-bash (master)
$ sed -i 's/et/ET/' lorem/at.txt

JT@DESKTOP-GUNC2ID MINGW64 ~/OneDrive - UNIR/Certificaciones/IronHack/IH-Labs/lab-bash (master)
$ cat lorem/at.txt
At vero eos ET accusamus ET iusto odio dignissimos ducimus qui blanditiis praesentium voluptatum
deleniti atque corrupti quos dolores ET quas molestias excepturi sint occaecati cupiditate non
provident, similique sunt in culpa qui officia deserunt mollitia animi, id est laborum ET dolorum fuga.
Et harum quidem rerum facilis est ET expedita distinctio.
Nam libero tempore, cum soluta nobis est eligendi optio cumque nihil impedit quo minus id quod
maxime placeat facere possimus, omnis voluptas assumenda est, omnis dolor repellendus.
Temporibus autem quibusdam ET aut officiis debitis aut rerum necessitatibus saepe eveniET
ut ET voluptates repudiandae sint ET molestiae non recusandae.
Itaque earum rerum hic tenETur a sapiente delectus, ut aut reiciendis voluptatibus maiores
alias consequatur aut perferendis doloribus asperiores repellat

JT@DESKTOP-GUNC2ID MINGW64 ~/OneDrive - UNIR/Certificaciones/IronHack/IH-Labs/lab-bash (master)
$ whoami
JT

JT@DESKTOP-GUNC2ID MINGW64 ~/OneDrive - UNIR/Certificaciones/IronHack/IH-Labs/lab-bash (master)
$ pwd
/c/Users/JT/OneDrive - UNIR/Certificaciones/IronHack/IH-Labs/lab-bash

JT@DESKTOP-GUNC2ID MINGW64 ~/OneDrive - UNIR/Certificaciones/IronHack/IH-Labs/lab-bash (master)
$ ls -txt
lorem/  lorem-copy/  outputs/  readme.md  exercices/  inputs/

JT@DESKTOP-GUNC2ID MINGW64 ~/OneDrive - UNIR/Certificaciones/IronHack/IH-Labs/lab-bash (master)
$ ls -.txt
ls: unknown option -- .
Try 'ls --help' for more information.

JT@DESKTOP-GUNC2ID MINGW64 ~/OneDrive - UNIR/Certificaciones/IronHack/IH-Labs/lab-bash (master)
$ git pull
remote: Enumerating objects: 4, done.
remote: Counting objects: 100% (4/4), done.
remote: Compressing objects: 100% (3/3), done.
remote: Total 4 (delta 0), reused 3 (delta 0), pack-reused 0
Unpacking objects: 100% (4/4), 1.37 KiB | 93.00 KiB/s, done.
From https://github.com/SangreNocturna/lab-bash
   689f07d..e434604  master     -> origin/master
Updating 689f07d..e434604
Fast-forward

JT@DESKTOP-GUNC2ID MINGW64 ~/OneDrive - UNIR/Certificaciones/IronHack/IH-Labs/lab-bash (master)
$ git add .
warning: in the working copy of 'lorem/at.txt', LF will be replaced by CRLF the next time Git touches it

JT@DESKTOP-GUNC2ID MINGW64 ~/OneDrive - UNIR/Certificaciones/IronHack/IH-Labs/lab-bash (master)
$ git status
On branch master
Your branch is up to date with 'origin/master'.

Changes to be committed:
  (use "git restore --staged <file>..." to unstage)
        new file:   lorem-copy/at.txt
        new file:   lorem-copy/lorem.txt
        new file:   lorem-copy/sed.txt

JT@DESKTOP-GUNC2ID MINGW64 ~/OneDrive - UNIR/Certificaciones/IronHack/IH-Labs/lab-bash (master)
$ git pull
Already up to date.

JT@DESKTOP-GUNC2ID MINGW64 ~/OneDrive - UNIR/Certificaciones/IronHack/IH-Labs/lab-bash (master)
$ git status
On branch master
Your branch is up to date with 'origin/master'.

Changes to be committed:
  (use "git restore --staged <file>..." to unstage)
        new file:   lorem-copy/at.txt
        new file:   lorem-copy/lorem.txt
        new file:   lorem-copy/sed.txt


JT@DESKTOP-GUNC2ID MINGW64 ~/OneDrive - UNIR/Certificaciones/IronHack/IH-Labs/lab-bash (master)
$ git add .

JT@DESKTOP-GUNC2ID MINGW64 ~/OneDrive - UNIR/Certificaciones/IronHack/IH-Labs/lab-bash (master)
$ git push
Everything up-to-date

JT@DESKTOP-GUNC2ID MINGW64 ~/OneDrive - UNIR/Certificaciones/IronHack/IH-Labs/lab-bash (master)
$
